[html.themexplosion.com/goru/index2.html]
[backblue.gif]
[fade.gif]
[index.html]
[html.themexplosion.com/goru/assets/css/bootstrap.min.css]
[html.themexplosion.com/goru/assets/css/flaticon.css]
[html.themexplosion.com/goru/assets/css/themewar-icons.css]
[html.themexplosion.com/goru/assets/css/animate.css]
[html.themexplosion.com/goru/assets/css/owl.carousel.min.css]
[html.themexplosion.com/goru/assets/css/owl.theme.default.min.css]
[html.themexplosion.com/goru/assets/css/settings.css]
[html.themexplosion.com/goru/assets/css/lightcase.css]
[html.themexplosion.com/goru/assets/css/preset.css]
[html.themexplosion.com/goru/assets/css/ignore_in_wp.css]
[html.themexplosion.com/goru/assets/css/theme.css]
[html.themexplosion.com/goru/assets/css/responsive.css]
[html.themexplosion.com/goru/assets/images/favicon.png]
[html.themexplosion.com/goru/index.html]
[html.themexplosion.com/goru/assets/images/logo2.png]
[html.themexplosion.com/goru/assets/images/flag.png]
[html.themexplosion.com/goru/assets/images/cart.png]
[html.themexplosion.com/goru/shop-fullwidth.html]
[html.themexplosion.com/goru/shop-left-sidebar.html]
[html.themexplosion.com/goru/shop-right-sidebar.html]
[html.themexplosion.com/goru/single-product.html]
[html.themexplosion.com/goru/cart.html]
[html.themexplosion.com/goru/checkout.html]
[html.themexplosion.com/goru/wishlist.html]
[html.themexplosion.com/goru/about.html]
[html.themexplosion.com/goru/newsletter.html]
[html.themexplosion.com/goru/login-register.html]
[html.themexplosion.com/goru/404.html]
[html.themexplosion.com/goru/blog-right-sidebar.html]
[html.themexplosion.com/goru/blog-left-sidebar.html]
[html.themexplosion.com/goru/blog-fullwidth.html]
[html.themexplosion.com/goru/blog-details.html]
[html.themexplosion.com/goru/contact.html]
[html.themexplosion.com/goru/assets/images/home/layer2.png]
[html.themexplosion.com/goru/assets/images/home/layer3.png]
[html.themexplosion.com/goru/assets/images/home/layer4.png]
[html.themexplosion.com/goru/assets/images/home/1.png]
[html.themexplosion.com/goru/assets/images/home/p7.jpg]
[html.themexplosion.com/goru/assets/images/home/p8.jpg]
[html.themexplosion.com/goru/assets/images/home/p9.jpg]
[html.themexplosion.com/goru/assets/images/home/p10.jpg]
[html.themexplosion.com/goru/assets/images/home/client-logo-grayscale/1.png]
[html.themexplosion.com/goru/assets/images/home/client-logo-grayscale/2.png]
[html.themexplosion.com/goru/assets/images/home/client-logo-grayscale/3.png]
[html.themexplosion.com/goru/assets/images/home/client-logo-grayscale/4.png]
[html.themexplosion.com/goru/assets/images/home/client-logo-grayscale/5.png]
[html.themexplosion.com/goru/assets/js/jquery.js]
[html.themexplosion.com/goru/assets/js/bootstrap.min.js]
[html.themexplosion.com/goru/assets/js/modernizr.custom.js]
[html.themexplosion.com/goru/assets/js/jquery.appear.js]
[html.themexplosion.com/goru/assets/js/owl.carousel.min.js]
[html.themexplosion.com/goru/assets/js/jquery.shuffle.min.js]
[html.themexplosion.com/goru/assets/js/lightcase.js]
[html.themexplosion.com/goru/assets/js/jquery-ui.js]
[html.themexplosion.com/goru/assets/js/jquery.easing.1.3.js]
[html.themexplosion.com/goru/assets/js/jquery.plugin.min.js]
[html.themexplosion.com/goru/assets/js/jquery.countdown.min.js]
[html.themexplosion.com/goru/assets/js/tweenmax.min.js]
[html.themexplosion.com/goru/assets/js/jquery.themepunch.tools.min.js]
[html.themexplosion.com/goru/assets/js/jquery.themepunch.revolution.min.js]
[html.themexplosion.com/goru/assets/js/extensions/revolution.extension.actions.min.js]
[html.themexplosion.com/goru/assets/js/extensions/revolution.extension.carousel.min.js]
[html.themexplosion.com/goru/assets/js/extensions/revolution.extension.kenburn.min.js]
[html.themexplosion.com/goru/assets/js/extensions/revolution.extension.layeranimation.min.js]
[html.themexplosion.com/goru/assets/js/extensions/revolution.extension.migration.min.js]
[html.themexplosion.com/goru/assets/js/extensions/revolution.extension.navigation.min.js]
[html.themexplosion.com/goru/assets/js/extensions/revolution.extension.parallax.min.js]
[html.themexplosion.com/goru/assets/js/extensions/revolution.extension.slideanims.min.js]
[html.themexplosion.com/goru/assets/js/extensions/revolution.extension.video.min.js]
[html.themexplosion.com/goru/index2.html]
[html.themexplosion.com/goru/assets/css/bootstrap.min.css]
[html.themexplosion.com/goru/assets/js/theme.js]
[html.themexplosion.com/goru/assets/fonts/themewar8976.woff]
[html.themexplosion.com/goru/assets/fonts/themewar8976.ttf]
[html.themexplosion.com/goru/assets/css/themewar-icons.css]
[html.themexplosion.com/goru/assets/fonts/Flaticon.eot]
[html.themexplosion.com/goru/assets/fonts/themewar8976.eot]
[html.themexplosion.com/goru/assets/fonts/Flaticond41d.eot]
[html.themexplosion.com/goru/assets/fonts/Flaticon.woff2]
[html.themexplosion.com/goru/assets/fonts/Flaticon.woff]
[html.themexplosion.com/goru/assets/fonts/Flaticon.ttf]
[html.themexplosion.com/goru/assets/fonts/Flaticon.svg]
[html.themexplosion.com/goru/assets/css/flaticon.css]
[html.themexplosion.com/goru/assets/css/animate.css]
[html.themexplosion.com/goru/assets/css/owl.video.play.png]
[html.themexplosion.com/goru/assets/css/owl.carousel.min.css]
[html.themexplosion.com/goru/assets/css/owl.theme.default.min.css]
[html.themexplosion.com/goru/assets/fonts/revicons90c6.eot]
[html.themexplosion.com/goru/assets/fonts/revicons90c6.woff]
[html.themexplosion.com/goru/assets/fonts/themewar8976.svg]
[html.themexplosion.com/goru/assets/fonts/revicons90c6.ttf]
[html.themexplosion.com/goru/assets/fonts/revicons90c6.svg]
[html.themexplosion.com/goru/assets/css/openhand.cur]
[html.themexplosion.com/goru/assets/css/closedhand.cur]
[html.themexplosion.com/goru/assets/assets/gridtile.png]
[html.themexplosion.com/goru/assets/assets/gridtile_white.png]
[html.themexplosion.com/goru/assets/assets/gridtile_3x3.png]
[html.themexplosion.com/goru/assets/assets/gridtile_3x3_white.png]
[html.themexplosion.com/goru/assets/assets/coloredbg.png]
[html.themexplosion.com/goru/assets/assets/loader.gif]
[html.themexplosion.com/goru/assets/css/settings.css]
[html.themexplosion.com/goru/assets/fonts/lightcaseeead.eot]
[html.themexplosion.com/goru/assets/fonts/lightcaseeead.woff]
[html.themexplosion.com/goru/assets/fonts/lightcaseeead.ttf]
[html.themexplosion.com/goru/assets/css/lightcase.css]
[html.themexplosion.com/goru/assets/css/preset.css]
[html.themexplosion.com/goru/assets/css/ignore_in_wp.css]
[html.themexplosion.com/goru/assets/fonts/lightcaseeead.svg]
[html.themexplosion.com/goru/assets/css/theme.css]
[html.themexplosion.com/goru/assets/css/responsive.css]
[html.themexplosion.com/goru/assets/images/logo.png]
[html.themexplosion.com/goru/assets/images/home/scroll.png]
[html.themexplosion.com/goru/assets/images/home/layer1.jpg]
[html.themexplosion.com/goru/assets/images/home/shape1.png]
[html.themexplosion.com/goru/assets/images/home/truck.png]
[html.themexplosion.com/goru/assets/images/home/headphone.png]
[html.themexplosion.com/goru/assets/images/home/undo.png]
[html.themexplosion.com/goru/assets/images/home/shape2.png]
[html.themexplosion.com/goru/assets/images/home/t1.jpg]
[html.themexplosion.com/goru/assets/images/home/t2.jpg]
[html.themexplosion.com/goru/assets/images/home/p1.jpg]
[html.themexplosion.com/goru/assets/images/home/p4.jpg]
[html.themexplosion.com/goru/assets/images/home/p2.jpg]
[html.themexplosion.com/goru/assets/images/home/p5.jpg]
[html.themexplosion.com/goru/assets/images/home/p6.jpg]
[html.themexplosion.com/goru/assets/images/home/p3.jpg]
[html.themexplosion.com/goru/assets/images/home/1.jpg]
[html.themexplosion.com/goru/assets/images/home/shape3.png]
[html.themexplosion.com/goru/assets/images/home/blog/1.jpg]
[html.themexplosion.com/goru/single-post.html]
[html.themexplosion.com/goru/assets/images/home/blog/2.jpg]
[html.themexplosion.com/goru/assets/images/home/blog/3.jpg]
[html.themexplosion.com/goru/assets/images/home/client-logo/1.png]
[html.themexplosion.com/goru/assets/images/home/client-logo/2.png]
[html.themexplosion.com/goru/assets/images/home/client-logo/3.png]
[html.themexplosion.com/goru/assets/images/home/client-logo/4.png]
[html.themexplosion.com/goru/assets/images/home/client-logo/5.png]
[html.themexplosion.com/goru/assets/images/home/shape4.png]
[html.themexplosion.com/goru/index.html]
[html.themexplosion.com/goru/assets/images/shop/banner.png]
[html.themexplosion.com/goru/assets/images/shop/9.jpg]
[html.themexplosion.com/goru/assets/images/shop/5.jpg]
[html.themexplosion.com/goru/assets/images/shop/1.jpg]
[html.themexplosion.com/goru/assets/images/shop/2.jpg]
[html.themexplosion.com/goru/assets/images/shop/10.jpg]
[html.themexplosion.com/goru/assets/images/shop/11.jpg]
[html.themexplosion.com/goru/assets/images/shop/12.jpg]
[html.themexplosion.com/goru/assets/images/shop/13.jpg]
[html.themexplosion.com/goru/assets/images/shop/14.jpg]
[html.themexplosion.com/goru/assets/images/shop/8.jpg]
[html.themexplosion.com/goru/assets/images/shop/4.jpg]
[html.themexplosion.com/goru/assets/images/shop/3.jpg]
[html.themexplosion.com/goru/shop-fullwidth.html]
[html.themexplosion.com/goru/assets/images/shop/banner2.png]
[html.themexplosion.com/goru/assets/images/shop/7.jpg]
[html.themexplosion.com/goru/assets/images/shop/6.jpg]
[html.themexplosion.com/goru/shop-left-sidebar.html]
[html.themexplosion.com/goru/shop-right-sidebar.html]
[html.themexplosion.com/goru/assets/images/shop/single-product.jpg]
[html.themexplosion.com/goru/assets/images/shop/s1.png]
[html.themexplosion.com/goru/assets/images/shop/s2.png]
[html.themexplosion.com/goru/assets/images/blog/c1.jpg]
[html.themexplosion.com/goru/single-product.html]
[html.themexplosion.com/goru/assets/images/cart/1.jpg]
[html.themexplosion.com/goru/assets/images/cart/2.jpg]
[html.themexplosion.com/goru/cart.html]
[html.themexplosion.com/goru/checkout.html]
[html.themexplosion.com/goru/assets/images/cart/3.jpg]
[html.themexplosion.com/goru/assets/images/cart/4.jpg]
[html.themexplosion.com/goru/wishlist.html]
[html.themexplosion.com/goru/assets/images/about/1.jpg]
[html.themexplosion.com/goru/assets/images/about/video-bg.jpg]
[html.themexplosion.com/goru/assets/images/home/truck2.png]
[html.themexplosion.com/goru/assets/images/home/headphone2.png]
[html.themexplosion.com/goru/assets/images/home/undo2.png]
[html.themexplosion.com/goru/about.html]
[html.themexplosion.com/goru/newsletter.html]
[html.themexplosion.com/goru/login-register.html]
[html.themexplosion.com/goru/assets/images/404.png]
[html.themexplosion.com/goru/404.html]
[html.themexplosion.com/goru/assets/images/blog/1.jpg]
[html.themexplosion.com/goru/assets/images/blog/2.jpg]
[html.themexplosion.com/goru/assets/images/blog/3.jpg]
[html.themexplosion.com/goru/assets/images/blog/4.jpg]
[html.themexplosion.com/goru/assets/images/blog/5.jpg]
[html.themexplosion.com/goru/assets/images/blog/6.jpg]
[html.themexplosion.com/goru/assets/images/blog/r1.jpg]
[html.themexplosion.com/goru/assets/images/blog/r2.jpg]
[html.themexplosion.com/goru/assets/images/blog/r3.jpg]
[html.themexplosion.com/goru/blog-right-sidebar.html]
[html.themexplosion.com/goru/blog-left-sidebar.html]
[html.themexplosion.com/goru/blog-fullwidth.html]
[html.themexplosion.com/goru/assets/images/blog/blog-details.jpg]
[html.themexplosion.com/goru/assets/images/blog/author.jpg]
[html.themexplosion.com/goru/assets/images/blog/c2.jpg]
[html.themexplosion.com/goru/blog-details.html]
[html.themexplosion.com/goru/assets/images/contact.jpg]
[html.themexplosion.com/goru/assets/images/ajax.gif]
[html.themexplosion.com/goru/contact.html]
[html.themexplosion.com/goru/assets/js/jquery.js]
[html.themexplosion.com/goru/popper.js]
[html.themexplosion.com/goru/assets/js/bootstrap.min.js]
[html.themexplosion.com/goru/assets/js/modernizr.custom.js]
[html.themexplosion.com/goru/assets/js/jquery.appear.js]
[html.themexplosion.com/goru/assets/js/jquery-ui.js]
[html.themexplosion.com/goru/assets/js/owl.carousel.min.js]
[html.themexplosion.com/goru/Shuffle.js requires Modernizr]
[html.themexplosion.com/goru/assets/js/jquery.shuffle.min.js]
[html.themexplosion.com/goru/assets/js/lightcase.js]
[html.themexplosion.com/goru/assets/js/jquery.easing.1.3.js]
[html.themexplosion.com/goru/assets/js/jquery.plugin.min.js]
[html.themexplosion.com/goru/assets/js/jquery.countdown.min.js]
[html.themexplosion.com/goru/assets/js/tweenmax.min.js]
[html.themexplosion.com/goru/Version/index.html]
[html.themexplosion.com/goru/TweenLite.js]
[html.themexplosion.com/TweenLite.js]
[html.themexplosion.com/goru/assets/js/jquery.themepunch.tools.min.js]
[html.themexplosion.com/goru/themepunch.revolution.min.js]
[html.themexplosion.com/goru/jquery.themepunch.revolution.min.js]
[html.themexplosion.com/goru/jquery.themepunch.revolution.js]
[html.themexplosion.com/goru/images/transparent.png]
[html.themexplosion.com/goru/assets/transparent.png]
[html.themexplosion.com/goru/assets/js/jquery.themepunch.revolution.min.js]
[html.themexplosion.com/goru/assets/js/extensions/revolution.extension.actions.min.js]
[html.themexplosion.com/goru/assets/js/extensions/revolution.extension.carousel.min.js]
[html.themexplosion.com/goru/assets/js/extensions/revolution.extension.kenburn.min.js]
[html.themexplosion.com/goru/assets/js/extensions/revolution.extension.layeranimation.min.js]
[html.themexplosion.com/goru/assets/js/extensions/revolution.extension.migration.min.js]
[html.themexplosion.com/goru/assets/js/extensions/revolution.extension.navigation.min.js]
[html.themexplosion.com/goru/assets/js/extensions/revolution.extension.parallax.min.js]
[html.themexplosion.com/goru/assets/js/extensions/revolution.extension.slideanims.min.js]
[html.themexplosion.com/goru/assets/js/extensions/revolution.extension.video.min.js]
[html.themexplosion.com/goru/assets/js/theme.js]
[player.vimeo.com/api/player.js]
[html.themexplosion.com/goru/assets/fonts/themewar8976.svg]
[html.themexplosion.com/goru/assets/fonts/Flaticon.svg]
[html.themexplosion.com/goru/assets/fonts/revicons90c6.svg]
[html.themexplosion.com/goru/assets/css/openhand.html]
[html.themexplosion.com/goru/assets/css/closedhand.html]
[html.themexplosion.com/goru/assets/assets/gridtile.html]
[html.themexplosion.com/goru/assets/assets/gridtile_white.html]
[html.themexplosion.com/goru/assets/assets/gridtile_3x3.html]
[html.themexplosion.com/goru/assets/assets/gridtile_3x3_white.html]
[html.themexplosion.com/goru/assets/assets/coloredbg.html]
[html.themexplosion.com/goru/assets/fonts/lightcaseeead.svg]
[html.themexplosion.com/goru/single-post.html]
[html.themexplosion.com/goru/popper.html]
[html.themexplosion.com/goru/Shuffle.js requires Modernizr.html]
[html.themexplosion.com/goru/Version/index.html]
[html.themexplosion.com/goru/TweenLite.html]
[html.themexplosion.com/TweenLite.html]
[html.themexplosion.com/goru/themepunch.revolution.min.html]
[html.themexplosion.com/goru/jquery.themepunch.revolution.min.html]
[html.themexplosion.com/goru/jquery.themepunch.revolution.html]
[html.themexplosion.com/goru/images/transparent.html]
[html.themexplosion.com/goru/assets/transparent.html]
